Microchip MPLAB XC8 Compiler V3.10

Linker command line:

-W-3 \
  --edf=C:\Program Files\Microchip\xc8\v3.10\pic\dat\20250813170317_en.msgs \
  -cn -h+dist/default/production\pic_spi_slave.X.production.sym \
  --cmf=dist/default/production\pic_spi_slave.X.production.cmf -z -Q16F877A \
  -oC:\Users\pavan\AppData\Local\Temp\xcAsjn0.0\driver_tmp_3.o \
  --defsym=__MPLAB_BUILD=1 --fixupoverflow=error \
  -Mdist/default/production/pic_spi_slave.X.production.map \
  --md=C:\Users\pavan\AppData\Local\Temp\xcAsjn0.0\driver_tmp_0.dat -E1 \
  -ver=XC8 Compiler -ACODE=00h-07FFhx4 -ASTRCODE=00h-01FFFh \
  -ASTRING=00h-0FFhx32 -ACONST=00h-0FFhx32 -AENTRY=00h-0FFhx32 \
  -ACOMMON=070h-07Fh -ABANK0=020h-06Fh -ABANK1=0A0h-0EFh \
  -ABANK2=0110h-016Fh -ABANK3=0190h-01EFh \
  -ARAM=020h-06Fh,0A0h-0EFh,0110h-016Fh,0190h-01EFh \
  -AABS1=020h-07Fh,0A0h-0EFh,0110h-016Fh,0190h-01EFh -ASFR0=00h-01Fh \
  -ASFR1=080h-09Fh -ASFR2=0100h-010Fh -ASFR3=0180h-018Fh \
  -ACONFIG=02007h-02007h -DCONFIG=2 -AIDLOC=02000h-02003h -DIDLOC=2 \
  -AEEDATA=00h-0FFh/02100h -peeprom_data=EEDATA -DEEDATA=2 -DCODE=2 \
  -DSTRCODE=2 -DSTRING=2 -DCONST=2 -DENTRY=2 \
  -preset_vec=00h,intentry,sivt,init,end_init -ppowerup=CODE -pcinit=CODE \
  -pfunctab=ENTRY -k \
  C:\Users\pavan\AppData\Local\Temp\xcAsjn0.0\driver_tmp_12.o \
  dist/default/production\pic_spi_slave.X.production.o 

Object code version is 3.11

Machine type is 16F877A



                Name                               Link     Load   Length Selector   Space Scale
C:\Users\pavan\AppData\Local\Temp\xcAsjn0.0\driver_tmp_12.o
                end_init                              0        0        3        0       0
                config                             2007     2007        1        0       4
dist/default/production\pic_spi_slave.X.production.o
                cinit                               7FC      7FC        4      FF8       0
                config                             2007     2007        1        0       4
                text12                              19A      19A        9      334       0
                text11                              1C5      1C5       17      38A       0
                text10                              1B8      1B8        D      370       0
                text9                               1AD      1AD        B      35A       0
                text8                               1A3      1A3        A      346       0
                text7                               1DC      1DC       1C      3B8       0
                text6                               276      276       63      4EC       0
                text5                               21F      21F       57      43E       0
                text4                               1F8      1F8       27      3F0       0
                text3                               4BA      4BA      342      974       0
                text2                               2D9      2D9       76      5B2       0
                text1                               34F      34F       B4      69E       0
                maintext                            403      403       B7      806       0
                cstackBANK0                          20       20       2A       20       1
                cstackCOMMON                         70       70        E       70       1
                strings                               3        3       25        6       0

TOTAL           Name                               Link     Load   Length     Space
        CLASS   CODE           
                end_init                              0        0        3         0
                cinit                               7FC      7FC        4         0
                text12                              19A      19A        9         0
                text11                              1C5      1C5       17         0
                text10                              1B8      1B8        D         0
                text9                               1AD      1AD        B         0
                text8                               1A3      1A3        A         0
                text7                               1DC      1DC       1C         0
                text6                               276      276       63         0
                text5                               21F      21F       57         0
                text4                               1F8      1F8       27         0
                text3                               4BA      4BA      342         0
                text2                               2D9      2D9       76         0
                text1                               34F      34F       B4         0
                maintext                            403      403       B7         0

        CLASS   STRCODE        

        CLASS   STRING         
                strings                               3        3       25         0

        CLASS   CONST          

        CLASS   ENTRY          

        CLASS   COMMON         
                cstackCOMMON                         70       70        E         1

        CLASS   BANK0          
                cstackBANK0                          20       20       2A         1

        CLASS   BANK1          

        CLASS   BANK2          

        CLASS   BANK3          

        CLASS   RAM            

        CLASS   ABS1           
                abs_s1                               7E       7E        2         1

        CLASS   SFR0           

        CLASS   SFR1           

        CLASS   SFR2           

        CLASS   SFR3           

        CLASS   CONFIG         
                config                             2007     2007        1         4

        CLASS   IDLOC          

        CLASS   EEDATA         

        CLASS   HEAP           

        CLASS   STACK          



SEGMENTS        Name                           Load    Length   Top    Selector   Space  Class     Delta

                reset_vec                      000000  000003  000003         0       0  CODE        2
                strings                        000003  000025  000028         6       0  STRING      2
                cstackBANK0                    000020  00002A  00004A        20       1  BANK0       1
                cstackCOMMON                   000070  00000E  00007E        70       1  COMMON      1
                text12                         00019A  000009  0001A3       334       0  CODE        2
                text8                          0001A3  00000A  0001AD       346       0  CODE        2
                text9                          0001AD  00000B  0001B8       35A       0  CODE        2
                text10                         0001B8  00000D  0001C5       370       0  CODE        2
                text11                         0001C5  000017  0001DC       38A       0  CODE        2
                text7                          0001DC  00001C  0001F8       3B8       0  CODE        2
                text4                          0001F8  000027  00021F       3F0       0  CODE        2
                text5                          00021F  000057  000276       43E       0  CODE        2
                text6                          000276  000063  0002D9       4EC       0  CODE        2
                text2                          0002D9  000076  00034F       5B2       0  CODE        2
                text1                          00034F  0000B4  000403       69E       0  CODE        2
                maintext                       000403  0000B7  0004BA       806       0  CODE        2
                text3                          0004BA  000342  0007FC       974       0  CODE        2
                cinit                          0007FC  000004  000800       FF8       0  CODE        2


UNUSED ADDRESS RANGES

        Name                Unused          Largest block    Delta
        BANK0            004A-006F             26           1
        BANK1            00A0-00EF             50           1
        BANK2            0110-016F             60           1
        BANK3            0190-01EF             60           1
        CODE             0028-0199            172           2
                         0800-1FFF            800
        CONST            0028-0199             D8           2
                         0800-1FFF            100
        EEDATA           2100-21FF            100           2
        ENTRY            0028-0199             D8           2
                         0800-1FFF            100
        IDLOC            2000-2003              4           2
        RAM              004A-006F             26           1
                         00A0-00EF             50
                         0110-016F             60
                         0190-01EF             60
        SFR0             0000-001F             20           1
        SFR1             0080-009F             20           1
        SFR2             0100-010F             10           1
        SFR3             0180-018F             10           1
        STRCODE          0028-0199            172           2
                         0800-1FFF           1800
        STRING           0028-0199             D8           2
                         0800-1FFF            100

                                  Symbol Table

?_ADC_Read               cstackCOMMON 0070
?__Umul8_16              cstackCOMMON 0070
?___awdiv                cstackCOMMON 0070
?___awmod                cstackCOMMON 0070
?___flmul                cstackBANK0  0020
?___fltol                cstackBANK0  003A
?___xxtofl               cstackCOMMON 0070
UART_Tx@c                cstackCOMMON 0078
UART_TxString@str        cstackCOMMON 0079
_ADCON0                  (abs)        001F
_ADCON1                  (abs)        009F
_ADC_Init                text12       019A
_ADC_Read                text11       01C5
_ADRESH                  (abs)        001E
_ADRESL                  (abs)        009E
_BF                      (abs)        04A0
_GO_nDONE                (abs)        00FA
_RA5                     (abs)        002D
_RCSTA                   (abs)        0018
_SPBRG                   (abs)        0099
_SPI_SlaveInit           text10       01B8
_SSPBUF                  (abs)        0013
_SSPCON                  (abs)        0014
_SSPSTAT                 (abs)        0094
_TRISA5                  (abs)        042D
_TRISC3                  (abs)        043B
_TRISC4                  (abs)        043C
_TRISC5                  (abs)        043D
_TXIF                    (abs)        0064
_TXREG                   (abs)        0019
_TXSTA                   (abs)        0098
_UART_Init               text9        01AD
_UART_Tx                 text8        01A3
_UART_TxString           text7        01DC
__H__absolute__          __absolute__ 0000
__Habs1                  abs1         0000
__Hbank0                 bank0        0000
__Hbank1                 bank1        0000
__Hbank2                 bank2        0000
__Hbank3                 bank3        0000
__Hcinit                 cinit        0800
__Hclrtext               clrtext      0000
__Hcode                  code         0000
__Hcommon                common       0000
__Hconfig                config       2008
__HcstackBANK0           cstackBANK0  0000
__HcstackCOMMON          cstackCOMMON 0000
__Heeprom_data           eeprom_data  0000
__Hend_init              end_init     0003
__Hfunctab               functab      0000
__Hheap                  heap         0000
__Hinit                  init         0000
__Hintentry              intentry     0000
__Hmaintext              maintext     0000
__Hpowerup               powerup      0000
__Hram                   ram          0000
__Hreset_vec             reset_vec    0000
__Hsfr0                  sfr0         0000
__Hsfr1                  sfr1         0000
__Hsfr2                  sfr2         0000
__Hsfr3                  sfr3         0000
__Hsivt                  sivt         0000
__Hspace_0               (abs)        0800
__Hspace_1               (abs)        007E
__Hspace_2               (abs)        0000
__Hspace_3               (abs)        0000
__Hspace_4               (abs)        400F
__Hstack                 stack        0000
__Hstrings               strings      0000
__Htext                  text         0000
__L__absolute__          __absolute__ 0000
__Labs1                  abs1         0000
__Lbank0                 bank0        0000
__Lbank1                 bank1        0000
__Lbank2                 bank2        0000
__Lbank3                 bank3        0000
__Lcinit                 cinit        07FC
__Lclrtext               clrtext      0000
__Lcode                  code         0000
__Lcommon                common       0000
__Lconfig                config       0000
__LcstackBANK0           cstackBANK0  0000
__LcstackCOMMON          cstackCOMMON 0000
__Leeprom_data           eeprom_data  0000
__Lend_init              end_init     0000
__Lfunctab               functab      0000
__Lheap                  heap         0000
__Linit                  init         0000
__Lintentry              intentry     0000
__Lmaintext              maintext     0000
__Lpowerup               powerup      0000
__Lram                   ram          0000
__Lreset_vec             reset_vec    0000
__Lsfr0                  sfr0         0000
__Lsfr1                  sfr1         0000
__Lsfr2                  sfr2         0000
__Lsfr3                  sfr3         0000
__Lsivt                  sivt         0000
__Lspace_0               (abs)        0000
__Lspace_1               (abs)        0000
__Lspace_2               (abs)        0000
__Lspace_3               (abs)        0000
__Lspace_4               (abs)        0000
__Lstack                 stack        0000
__Lstrings               strings      0000
__Ltext                  text         0000
__S0                     (abs)        0800
__S1                     (abs)        007E
__S3                     (abs)        0000
__Umul8_16               text4        01F8
__Umul8_16@multiplicand  cstackCOMMON 0070
__Umul8_16@multiplier    cstackCOMMON 0078
__Umul8_16@product       cstackCOMMON 0074
__Umul8_16@word_mpld     cstackCOMMON 0076
___awdiv                 text6        0276
___awdiv@counter         cstackCOMMON 0074
___awdiv@dividend        cstackCOMMON 0072
___awdiv@divisor         cstackCOMMON 0070
___awdiv@quotient        cstackCOMMON 0076
___awdiv@sign            cstackCOMMON 0075
___awmod                 text5        021F
___awmod@counter         cstackCOMMON 0074
___awmod@dividend        cstackCOMMON 0072
___awmod@divisor         cstackCOMMON 0070
___awmod@sign            cstackCOMMON 0075
___flmul                 text3        04BA
___flmul@a               cstackBANK0  0024
___flmul@aexp            cstackBANK0  0032
___flmul@b               cstackBANK0  0020
___flmul@bexp            cstackBANK0  0033
___flmul@grs             cstackBANK0  002E
___flmul@prod            cstackBANK0  0034
___flmul@sign            cstackBANK0  002D
___flmul@temp            cstackBANK0  0038
___fltol                 text2        02D9
___fltol@exp1            cstackBANK0  0043
___fltol@f1              cstackBANK0  003A
___fltol@sign1           cstackBANK0  0042
___heap_hi               (abs)        0000
___heap_lo               (abs)        0000
___int_sp                stack        0000
___int_stack_hi          stack        0000
___int_stack_lo          stack        0000
___latbits               (abs)        0002
___sp                    stack        0000
___stack_hi              stack        0000
___stack_lo              stack        0000
___stackhi               (abs)        0000
___stacklo               (abs)        0000
___xxtofl                text1        034F
___xxtofl@arg            cstackCOMMON 007A
___xxtofl@exp            cstackCOMMON 0079
___xxtofl@sign           cstackCOMMON 0078
___xxtofl@val            cstackCOMMON 0070
__end_of_ADC_Init        text12       01A3
__end_of_ADC_Read        text11       01DC
__end_of_SPI_SlaveInit   text10       01C5
__end_of_UART_Init       text9        01B8
__end_of_UART_Tx         text8        01AD
__end_of_UART_TxString   text7        01F8
__end_of__Umul8_16       text4        021F
__end_of___awdiv         text6        02D9
__end_of___awmod         text5        0276
__end_of___flmul         text3        07FC
__end_of___fltol         text2        034F
__end_of___xxtofl        text1        0403
__end_of__initialization cinit        07FC
__end_of__stringtab      strings      0009
__end_of_main            maintext     04BA
__initialization         cinit        07FC
__pcstackBANK0           cstackBANK0  0020
__pcstackCOMMON          cstackCOMMON 0070
__pmaintext              maintext     0403
__pstrings               strings      0003
__ptext1                 text1        034F
__ptext10                text10       01B8
__ptext11                text11       01C5
__ptext12                text12       019A
__ptext2                 text2        02D9
__ptext3                 text3        04BA
__ptext4                 text4        01F8
__ptext5                 text5        021F
__ptext6                 text6        0276
__ptext7                 text7        01DC
__ptext8                 text8        01A3
__ptext9                 text9        01AD
__stringbase             strings      0008
__stringtab              strings      0003
_main                    maintext     0403
btemp                    (abs)        007E
btemp0                   (abs)        007E
btemp1                   (abs)        007F
end_of_initialization    cinit        07FC
intlevel0                functab      0000
intlevel1                functab      0000
intlevel2                functab      0000
intlevel3                functab      0000
intlevel4                functab      0000
intlevel5                functab      0000
ltemp0a                  (abs)        0080
main@adc_value           cstackBANK0  0047
main@temperature         cstackBANK0  0049
reset_vec                reset_vec    0000
start                    init         0000
start_initialization     cinit        07FC
ttemp0a                  (abs)        007F
wtemp0                   (abs)        007E
wtemp0a                  (abs)        007F


MODULE INFORMATION

Module		Function		Class		Link	Load	Size
C:\Program Files\Microchip\xc8\v3.10\pic\sources\c99\common\awmod.c
		___awmod       		CODE           	021F	0000	87

C:\Program Files\Microchip\xc8\v3.10\pic\sources\c99\common\awmod.c estimated size: 87

newmain.c
		_UART_TxString 		CODE           	01DC	0000	28
		_UART_Init     		CODE           	01AD	0000	11
		_SPI_SlaveInit 		CODE           	01B8	0000	13
		_main          		CODE           	0403	0000	183
		_ADC_Read      		CODE           	01C5	0000	23
		_ADC_Init      		CODE           	019A	0000	9
		_UART_Tx       		CODE           	01A3	0000	10

newmain.c estimated size: 277

C:\Program Files\Microchip\xc8\v3.10\pic\sources\c99\common\awdiv.c
		___awdiv       		CODE           	0276	0000	99

C:\Program Files\Microchip\xc8\v3.10\pic\sources\c99\common\awdiv.c estimated size: 99

C:\Program Files\Microchip\xc8\v3.10\pic\sources\c99\common\fltol.c
		___fltol       		CODE           	02D9	0000	118

C:\Program Files\Microchip\xc8\v3.10\pic\sources\c99\common\fltol.c estimated size: 118

C:\Program Files\Microchip\xc8\v3.10\pic\sources\c99\common\sprcmul.c
		___flmul       		CODE           	04BA	0000	834

C:\Program Files\Microchip\xc8\v3.10\pic\sources\c99\common\sprcmul.c estimated size: 834

C:\Program Files\Microchip\xc8\v3.10\pic\sources\c99\common\Umul8_16.c
		__Umul8_16     		CODE           	01F8	0000	39

C:\Program Files\Microchip\xc8\v3.10\pic\sources\c99\common\Umul8_16.c estimated size: 39

C:\Program Files\Microchip\xc8\v3.10\pic\sources\c99\common\xxtofl.c
		___xxtofl      		CODE           	034F	0000	180

C:\Program Files\Microchip\xc8\v3.10\pic\sources\c99\common\xxtofl.c estimated size: 180

shared
		__stringtab    		STRING         	0003	0000	6
		__initialization		CODE           	07FC	0000	1

shared estimated size: 7

